{"timestamp":"2026-06-03T22:50:09.156758","level":"info","event":"DAG bundles loaded: dags-folder","logger":"airflow.dag_processing.bundles.manager.DagBundlesManager"}
{"timestamp":"2026-06-03T22:50:09.157468","level":"info","event":"Filling up the DagBag from /opt/airflow/dags/s3_to_snowflake.py","logger":"airflow.models.dagbag.DagBag"}
{"timestamp":"2026-06-03T22:50:09.920430","level":"info","event":"Tmp dir root location: /tmp","logger":"airflow.task.hooks.airflow.providers.standard.hooks.subprocess.SubprocessHook"}
{"timestamp":"2026-06-03T22:50:09.921780","level":"info","event":"Running command: ['/usr/bin/bash', '-c', 'docker exec dbt_core dbt run --select bronze']","logger":"airflow.task.hooks.airflow.providers.standard.hooks.subprocess.SubprocessHook"}
{"timestamp":"2026-06-03T22:50:09.941175","level":"info","event":"Output:","logger":"airflow.task.hooks.airflow.providers.standard.hooks.subprocess.SubprocessHook"}
{"timestamp":"2026-06-03T22:50:12.101397","level":"info","event":"\u001b[0m22:50:12  Running with dbt=1.8.0","logger":"airflow.task.hooks.airflow.providers.standard.hooks.subprocess.SubprocessHook"}
{"timestamp":"2026-06-03T22:50:12.827652","level":"info","event":"\u001b[0m22:50:12  Registered adapter: snowflake=1.8.0","logger":"airflow.task.hooks.airflow.providers.standard.hooks.subprocess.SubprocessHook"}
{"timestamp":"2026-06-03T22:50:14.359028","level":"info","event":"\u001b[0m22:50:14  Found 13 models, 38 data tests, 4 sources, 575 macros","logger":"airflow.task.hooks.airflow.providers.standard.hooks.subprocess.SubprocessHook"}
{"timestamp":"2026-06-03T22:50:14.363244","level":"info","event":"\u001b[0m22:50:14","logger":"airflow.task.hooks.airflow.providers.standard.hooks.subprocess.SubprocessHook"}
{"timestamp":"2026-06-03T22:50:20.590356","level":"info","event":"\u001b[0m22:50:20  Concurrency: 4 threads (target='dev')","logger":"airflow.task.hooks.airflow.providers.standard.hooks.subprocess.SubprocessHook"}
{"timestamp":"2026-06-03T22:50:20.591056","level":"info","event":"\u001b[0m22:50:20","logger":"airflow.task.hooks.airflow.providers.standard.hooks.subprocess.SubprocessHook"}
{"timestamp":"2026-06-03T22:50:20.596718","level":"info","event":"\u001b[0m22:50:20  1 of 4 START sql incremental model bronze.items_bronze ......................... [RUN]","logger":"airflow.task.hooks.airflow.providers.standard.hooks.subprocess.SubprocessHook"}
{"timestamp":"2026-06-03T22:50:20.597862","level":"info","event":"\u001b[0m22:50:20  2 of 4 START sql incremental model bronze.payment_bronze ....................... [RUN]","logger":"airflow.task.hooks.airflow.providers.standard.hooks.subprocess.SubprocessHook"}
{"timestamp":"2026-06-03T22:50:20.598963","level":"info","event":"\u001b[0m22:50:20  3 of 4 START sql incremental model bronze.return_bronze ........................ [RUN]","logger":"airflow.task.hooks.airflow.providers.standard.hooks.subprocess.SubprocessHook"}
{"timestamp":"2026-06-03T22:50:20.600055","level":"info","event":"\u001b[0m22:50:20  4 of 4 START sql incremental model bronze.status_bronze ........................ [RUN]","logger":"airflow.task.hooks.airflow.providers.standard.hooks.subprocess.SubprocessHook"}
{"timestamp":"2026-06-03T22:50:24.429823","level":"info","event":"\u001b[0m22:50:24  4 of 4 OK created sql incremental model bronze.status_bronze ................... [\u001b[32mSUCCESS 0\u001b[0m in 3.82s]","logger":"airflow.task.hooks.airflow.providers.standard.hooks.subprocess.SubprocessHook"}
{"timestamp":"2026-06-03T22:50:24.430613","level":"info","event":"\u001b[0m22:50:24  2 of 4 OK created sql incremental model bronze.payment_bronze .................. [\u001b[32mSUCCESS 0\u001b[0m in 3.83s]","logger":"airflow.task.hooks.airflow.providers.standard.hooks.subprocess.SubprocessHook"}
{"timestamp":"2026-06-03T22:50:24.530901","level":"info","event":"\u001b[0m22:50:24  1 of 4 OK created sql incremental model bronze.items_bronze .................... [\u001b[32mSUCCESS 0\u001b[0m in 3.93s]","logger":"airflow.task.hooks.airflow.providers.standard.hooks.subprocess.SubprocessHook"}
{"timestamp":"2026-06-03T22:50:24.531803","level":"info","event":"\u001b[0m22:50:24  3 of 4 OK created sql incremental model bronze.return_bronze ................... [\u001b[32mSUCCESS 0\u001b[0m in 3.93s]","logger":"airflow.task.hooks.airflow.providers.standard.hooks.subprocess.SubprocessHook"}
{"timestamp":"2026-06-03T22:50:24.543393","level":"info","event":"\u001b[0m22:50:24","logger":"airflow.task.hooks.airflow.providers.standard.hooks.subprocess.SubprocessHook"}
{"timestamp":"2026-06-03T22:50:24.544247","level":"info","event":"\u001b[0m22:50:24  Finished running 4 incremental models in 0 hours 0 minutes and 10.18 seconds (10.18s).","logger":"airflow.task.hooks.airflow.providers.standard.hooks.subprocess.SubprocessHook"}
{"timestamp":"2026-06-03T22:50:24.606614","level":"info","event":"\u001b[0m22:50:24","logger":"airflow.task.hooks.airflow.providers.standard.hooks.subprocess.SubprocessHook"}
{"timestamp":"2026-06-03T22:50:24.607291","level":"info","event":"\u001b[0m22:50:24  \u001b[32mCompleted successfully\u001b[0m","logger":"airflow.task.hooks.airflow.providers.standard.hooks.subprocess.SubprocessHook"}
{"timestamp":"2026-06-03T22:50:24.608619","level":"info","event":"\u001b[0m22:50:24","logger":"airflow.task.hooks.airflow.providers.standard.hooks.subprocess.SubprocessHook"}
{"timestamp":"2026-06-03T22:50:24.609696","level":"info","event":"\u001b[0m22:50:24  Done. PASS=4 WARN=0 ERROR=0 SKIP=0 TOTAL=4","logger":"airflow.task.hooks.airflow.providers.standard.hooks.subprocess.SubprocessHook"}
{"timestamp":"2026-06-03T22:50:26.434782","level":"info","event":"Command exited with return code 0","logger":"airflow.task.hooks.airflow.providers.standard.hooks.subprocess.SubprocessHook"}
{"timestamp":"2026-06-03T22:50:26.435749","level":"info","event":"Pushing xcom","ti":"RuntimeTaskInstance(id=UUID('019e8fad-d38e-7c33-a7cc-3462d248d612'), task_id='bronze_layer', dag_id='ecommerce', run_id='manual__2026-06-03T22:49:54.289187+00:00', try_number=1, map_index=-1, hostname='b4d3b81260d5', context_carrier=None, task=<Task(BashOperator): bronze_layer>, bundle_instance=LocalDagBundle(name=dags-folder), max_tries=0, start_date=datetime.datetime(2026, 6, 3, 22, 50, 9, 102230, tzinfo=TzInfo(UTC)), end_date=None, state=<TaskInstanceState.RUNNING: 'running'>, is_mapped=False, rendered_map_index=None)","logger":"task"}
