{"timestamp":"2026-06-03T22:50:27.368884","level":"info","event":"DAG bundles loaded: dags-folder","logger":"airflow.dag_processing.bundles.manager.DagBundlesManager"}
{"timestamp":"2026-06-03T22:50:27.369513","level":"info","event":"Filling up the DagBag from /opt/airflow/dags/s3_to_snowflake.py","logger":"airflow.models.dagbag.DagBag"}
{"timestamp":"2026-06-03T22:50:28.074473","level":"info","event":"Tmp dir root location: /tmp","logger":"airflow.task.hooks.airflow.providers.standard.hooks.subprocess.SubprocessHook"}
{"timestamp":"2026-06-03T22:50:28.075974","level":"info","event":"Running command: ['/usr/bin/bash', '-c', 'docker exec dbt_core dbt run --select silver']","logger":"airflow.task.hooks.airflow.providers.standard.hooks.subprocess.SubprocessHook"}
{"timestamp":"2026-06-03T22:50:28.094196","level":"info","event":"Output:","logger":"airflow.task.hooks.airflow.providers.standard.hooks.subprocess.SubprocessHook"}
{"timestamp":"2026-06-03T22:50:29.367334","level":"info","event":"\u001b[0m22:50:29  Running with dbt=1.8.0","logger":"airflow.task.hooks.airflow.providers.standard.hooks.subprocess.SubprocessHook"}
{"timestamp":"2026-06-03T22:50:29.839830","level":"info","event":"\u001b[0m22:50:29  Registered adapter: snowflake=1.8.0","logger":"airflow.task.hooks.airflow.providers.standard.hooks.subprocess.SubprocessHook"}
{"timestamp":"2026-06-03T22:50:31.377054","level":"info","event":"\u001b[0m22:50:31  Found 13 models, 38 data tests, 4 sources, 575 macros","logger":"airflow.task.hooks.airflow.providers.standard.hooks.subprocess.SubprocessHook"}
{"timestamp":"2026-06-03T22:50:31.380302","level":"info","event":"\u001b[0m22:50:31","logger":"airflow.task.hooks.airflow.providers.standard.hooks.subprocess.SubprocessHook"}
{"timestamp":"2026-06-03T22:50:34.472117","level":"info","event":"\u001b[0m22:50:34  Concurrency: 4 threads (target='dev')","logger":"airflow.task.hooks.airflow.providers.standard.hooks.subprocess.SubprocessHook"}
{"timestamp":"2026-06-03T22:50:34.472818","level":"info","event":"\u001b[0m22:50:34","logger":"airflow.task.hooks.airflow.providers.standard.hooks.subprocess.SubprocessHook"}
{"timestamp":"2026-06-03T22:50:34.478278","level":"info","event":"\u001b[0m22:50:34  1 of 4 START sql incremental model silver.item_silver .......................... [RUN]","logger":"airflow.task.hooks.airflow.providers.standard.hooks.subprocess.SubprocessHook"}
{"timestamp":"2026-06-03T22:50:34.479477","level":"info","event":"\u001b[0m22:50:34  2 of 4 START sql incremental model silver.payment_silver ....................... [RUN]","logger":"airflow.task.hooks.airflow.providers.standard.hooks.subprocess.SubprocessHook"}
{"timestamp":"2026-06-03T22:50:34.480664","level":"info","event":"\u001b[0m22:50:34  3 of 4 START sql incremental model silver.return_silver ........................ [RUN]","logger":"airflow.task.hooks.airflow.providers.standard.hooks.subprocess.SubprocessHook"}
{"timestamp":"2026-06-03T22:50:34.481662","level":"info","event":"\u001b[0m22:50:34  4 of 4 START sql incremental model silver.status_silver ........................ [RUN]","logger":"airflow.task.hooks.airflow.providers.standard.hooks.subprocess.SubprocessHook"}
{"timestamp":"2026-06-03T22:50:38.310121","level":"info","event":"\u001b[0m22:50:38  3 of 4 OK created sql incremental model silver.return_silver ................... [\u001b[32mSUCCESS 0\u001b[0m in 3.82s]","logger":"airflow.task.hooks.airflow.providers.standard.hooks.subprocess.SubprocessHook"}
{"timestamp":"2026-06-03T22:50:38.312030","level":"info","event":"\u001b[0m22:50:38  4 of 4 OK created sql incremental model silver.status_silver ................... [\u001b[32mSUCCESS 0\u001b[0m in 3.82s]","logger":"airflow.task.hooks.airflow.providers.standard.hooks.subprocess.SubprocessHook"}
{"timestamp":"2026-06-03T22:50:38.314140","level":"info","event":"\u001b[0m22:50:38  1 of 4 OK created sql incremental model silver.item_silver ..................... [\u001b[32mSUCCESS 0\u001b[0m in 3.82s]","logger":"airflow.task.hooks.airflow.providers.standard.hooks.subprocess.SubprocessHook"}
{"timestamp":"2026-06-03T22:50:38.316581","level":"info","event":"\u001b[0m22:50:38  2 of 4 OK created sql incremental model silver.payment_silver .................. [\u001b[32mSUCCESS 0\u001b[0m in 3.82s]","logger":"airflow.task.hooks.airflow.providers.standard.hooks.subprocess.SubprocessHook"}
{"timestamp":"2026-06-03T22:50:38.339634","level":"info","event":"\u001b[0m22:50:38","logger":"airflow.task.hooks.airflow.providers.standard.hooks.subprocess.SubprocessHook"}
{"timestamp":"2026-06-03T22:50:38.341154","level":"info","event":"\u001b[0m22:50:38  Finished running 4 incremental models in 0 hours 0 minutes and 6.96 seconds (6.96s).","logger":"airflow.task.hooks.airflow.providers.standard.hooks.subprocess.SubprocessHook"}
{"timestamp":"2026-06-03T22:50:38.416433","level":"info","event":"\u001b[0m22:50:38","logger":"airflow.task.hooks.airflow.providers.standard.hooks.subprocess.SubprocessHook"}
{"timestamp":"2026-06-03T22:50:38.417269","level":"info","event":"\u001b[0m22:50:38  \u001b[32mCompleted successfully\u001b[0m","logger":"airflow.task.hooks.airflow.providers.standard.hooks.subprocess.SubprocessHook"}
{"timestamp":"2026-06-03T22:50:38.418271","level":"info","event":"\u001b[0m22:50:38","logger":"airflow.task.hooks.airflow.providers.standard.hooks.subprocess.SubprocessHook"}
{"timestamp":"2026-06-03T22:50:38.419337","level":"info","event":"\u001b[0m22:50:38  Done. PASS=4 WARN=0 ERROR=0 SKIP=0 TOTAL=4","logger":"airflow.task.hooks.airflow.providers.standard.hooks.subprocess.SubprocessHook"}
{"timestamp":"2026-06-03T22:50:40.579601","level":"info","event":"Command exited with return code 0","logger":"airflow.task.hooks.airflow.providers.standard.hooks.subprocess.SubprocessHook"}
{"timestamp":"2026-06-03T22:50:40.580634","level":"info","event":"Pushing xcom","ti":"RuntimeTaskInstance(id=UUID('019e8fad-d38f-7ecc-89a5-6050625959c7'), task_id='silver_layer', dag_id='ecommerce', run_id='manual__2026-06-03T22:49:54.289187+00:00', try_number=1, map_index=-1, hostname='b4d3b81260d5', context_carrier=None, task=<Task(BashOperator): silver_layer>, bundle_instance=LocalDagBundle(name=dags-folder), max_tries=0, start_date=datetime.datetime(2026, 6, 3, 22, 50, 27, 318835, tzinfo=TzInfo(UTC)), end_date=None, state=<TaskInstanceState.RUNNING: 'running'>, is_mapped=False, rendered_map_index=None)","logger":"task"}
