{"timestamp":"2026-06-04T17:40:00.361137","level":"info","event":"DAG bundles loaded: dags-folder","logger":"airflow.dag_processing.bundles.manager.DagBundlesManager"}
{"timestamp":"2026-06-04T17:40:00.361687","level":"info","event":"Filling up the DagBag from /opt/airflow/dags/s3_to_snowflake.py","logger":"airflow.models.dagbag.DagBag"}
{"timestamp":"2026-06-04T17:40:01.011228","level":"info","event":"Tmp dir root location: /tmp","logger":"airflow.task.hooks.airflow.providers.standard.hooks.subprocess.SubprocessHook"}
{"timestamp":"2026-06-04T17:40:01.012409","level":"info","event":"Running command: ['/usr/bin/bash', '-c', 'docker exec dbt_core dbt run --select gold']","logger":"airflow.task.hooks.airflow.providers.standard.hooks.subprocess.SubprocessHook"}
{"timestamp":"2026-06-04T17:40:01.029095","level":"info","event":"Output:","logger":"airflow.task.hooks.airflow.providers.standard.hooks.subprocess.SubprocessHook"}
{"timestamp":"2026-06-04T17:40:02.305585","level":"info","event":"\u001b[0m17:40:02  Running with dbt=1.8.0","logger":"airflow.task.hooks.airflow.providers.standard.hooks.subprocess.SubprocessHook"}
{"timestamp":"2026-06-04T17:40:02.757443","level":"info","event":"\u001b[0m17:40:02  Registered adapter: snowflake=1.8.0","logger":"airflow.task.hooks.airflow.providers.standard.hooks.subprocess.SubprocessHook"}
{"timestamp":"2026-06-04T17:40:03.976894","level":"info","event":"\u001b[0m17:40:03  Found 13 models, 38 data tests, 4 sources, 575 macros","logger":"airflow.task.hooks.airflow.providers.standard.hooks.subprocess.SubprocessHook"}
{"timestamp":"2026-06-04T17:40:03.981096","level":"info","event":"\u001b[0m17:40:03","logger":"airflow.task.hooks.airflow.providers.standard.hooks.subprocess.SubprocessHook"}
{"timestamp":"2026-06-04T17:40:08.848570","level":"info","event":"\u001b[0m17:40:08  Concurrency: 4 threads (target='dev')","logger":"airflow.task.hooks.airflow.providers.standard.hooks.subprocess.SubprocessHook"}
{"timestamp":"2026-06-04T17:40:08.849340","level":"info","event":"\u001b[0m17:40:08","logger":"airflow.task.hooks.airflow.providers.standard.hooks.subprocess.SubprocessHook"}
{"timestamp":"2026-06-04T17:40:08.853975","level":"info","event":"\u001b[0m17:40:08  1 of 5 START sql table model gold.obt .......................................... [RUN]","logger":"airflow.task.hooks.airflow.providers.standard.hooks.subprocess.SubprocessHook"}
{"timestamp":"2026-06-04T17:40:11.226485","level":"info","event":"\u001b[0m17:40:11  1 of 5 OK created sql table model gold.obt ..................................... [\u001b[32mSUCCESS 1\u001b[0m in 2.37s]","logger":"airflow.task.hooks.airflow.providers.standard.hooks.subprocess.SubprocessHook"}
{"timestamp":"2026-06-04T17:40:11.232202","level":"info","event":"\u001b[0m17:40:11  2 of 5 START sql table model gold.gold_cancel_rate ............................. [RUN]","logger":"airflow.task.hooks.airflow.providers.standard.hooks.subprocess.SubprocessHook"}
{"timestamp":"2026-06-04T17:40:11.233800","level":"info","event":"\u001b[0m17:40:11  3 of 5 START sql table model gold.gold_payment_analysis ........................ [RUN]","logger":"airflow.task.hooks.airflow.providers.standard.hooks.subprocess.SubprocessHook"}
{"timestamp":"2026-06-04T17:40:11.235576","level":"info","event":"\u001b[0m17:40:11  4 of 5 START sql table model gold.gold_return_analysis ......................... [RUN]","logger":"airflow.task.hooks.airflow.providers.standard.hooks.subprocess.SubprocessHook"}
{"timestamp":"2026-06-04T17:40:11.237561","level":"info","event":"\u001b[0m17:40:11  5 of 5 START sql table model gold.gold_revenue ................................. [RUN]","logger":"airflow.task.hooks.airflow.providers.standard.hooks.subprocess.SubprocessHook"}
{"timestamp":"2026-06-04T17:40:13.046701","level":"info","event":"\u001b[0m17:40:13  5 of 5 OK created sql table model gold.gold_revenue ............................ [\u001b[32mSUCCESS 1\u001b[0m in 1.80s]","logger":"airflow.task.hooks.airflow.providers.standard.hooks.subprocess.SubprocessHook"}
{"timestamp":"2026-06-04T17:40:13.055976","level":"info","event":"\u001b[0m17:40:13  3 of 5 OK created sql table model gold.gold_payment_analysis ................... [\u001b[32mSUCCESS 1\u001b[0m in 1.81s]","logger":"airflow.task.hooks.airflow.providers.standard.hooks.subprocess.SubprocessHook"}
{"timestamp":"2026-06-04T17:40:13.108681","level":"info","event":"\u001b[0m17:40:13  4 of 5 OK created sql table model gold.gold_return_analysis .................... [\u001b[32mSUCCESS 1\u001b[0m in 1.86s]","logger":"airflow.task.hooks.airflow.providers.standard.hooks.subprocess.SubprocessHook"}
{"timestamp":"2026-06-04T17:40:13.109624","level":"info","event":"\u001b[0m17:40:13  2 of 5 OK created sql table model gold.gold_cancel_rate ........................ [\u001b[32mSUCCESS 1\u001b[0m in 1.87s]","logger":"airflow.task.hooks.airflow.providers.standard.hooks.subprocess.SubprocessHook"}
{"timestamp":"2026-06-04T17:40:13.119829","level":"info","event":"\u001b[0m17:40:13","logger":"airflow.task.hooks.airflow.providers.standard.hooks.subprocess.SubprocessHook"}
{"timestamp":"2026-06-04T17:40:13.120632","level":"info","event":"\u001b[0m17:40:13  Finished running 5 table models in 0 hours 0 minutes and 9.14 seconds (9.14s).","logger":"airflow.task.hooks.airflow.providers.standard.hooks.subprocess.SubprocessHook"}
{"timestamp":"2026-06-04T17:40:13.172919","level":"info","event":"\u001b[0m17:40:13","logger":"airflow.task.hooks.airflow.providers.standard.hooks.subprocess.SubprocessHook"}
{"timestamp":"2026-06-04T17:40:13.173450","level":"info","event":"\u001b[0m17:40:13  \u001b[32mCompleted successfully\u001b[0m","logger":"airflow.task.hooks.airflow.providers.standard.hooks.subprocess.SubprocessHook"}
{"timestamp":"2026-06-04T17:40:13.174296","level":"info","event":"\u001b[0m17:40:13","logger":"airflow.task.hooks.airflow.providers.standard.hooks.subprocess.SubprocessHook"}
{"timestamp":"2026-06-04T17:40:13.175166","level":"info","event":"\u001b[0m17:40:13  Done. PASS=5 WARN=0 ERROR=0 SKIP=0 TOTAL=5","logger":"airflow.task.hooks.airflow.providers.standard.hooks.subprocess.SubprocessHook"}
{"timestamp":"2026-06-04T17:40:15.480708","level":"info","event":"Command exited with return code 0","logger":"airflow.task.hooks.airflow.providers.standard.hooks.subprocess.SubprocessHook"}
{"timestamp":"2026-06-04T17:40:15.481487","level":"info","event":"Pushing xcom","ti":"RuntimeTaskInstance(id=UUID('019e93b7-d29b-763e-a329-e888612a4d8c'), task_id='gold_layer', dag_id='ecommerce', run_id='manual__2026-06-04T17:39:18.270256+00:00', try_number=1, map_index=-1, hostname='b4d3b81260d5', context_carrier=None, task=<Task(BashOperator): gold_layer>, bundle_instance=LocalDagBundle(name=dags-folder), max_tries=0, start_date=datetime.datetime(2026, 6, 4, 17, 40, 0, 306473, tzinfo=TzInfo(UTC)), end_date=None, state=<TaskInstanceState.RUNNING: 'running'>, is_mapped=False, rendered_map_index=None)","logger":"task"}
