{"timestamp":"2026-06-04T17:39:46.290623","level":"info","event":"DAG bundles loaded: dags-folder","logger":"airflow.dag_processing.bundles.manager.DagBundlesManager"}
{"timestamp":"2026-06-04T17:39:46.291276","level":"info","event":"Filling up the DagBag from /opt/airflow/dags/s3_to_snowflake.py","logger":"airflow.models.dagbag.DagBag"}
{"timestamp":"2026-06-04T17:39:46.978768","level":"info","event":"Tmp dir root location: /tmp","logger":"airflow.task.hooks.airflow.providers.standard.hooks.subprocess.SubprocessHook"}
{"timestamp":"2026-06-04T17:39:46.979926","level":"info","event":"Running command: ['/usr/bin/bash', '-c', 'docker exec dbt_core dbt run --select silver']","logger":"airflow.task.hooks.airflow.providers.standard.hooks.subprocess.SubprocessHook"}
{"timestamp":"2026-06-04T17:39:46.996803","level":"info","event":"Output:","logger":"airflow.task.hooks.airflow.providers.standard.hooks.subprocess.SubprocessHook"}
{"timestamp":"2026-06-04T17:39:48.192398","level":"info","event":"\u001b[0m17:39:48  Running with dbt=1.8.0","logger":"airflow.task.hooks.airflow.providers.standard.hooks.subprocess.SubprocessHook"}
{"timestamp":"2026-06-04T17:39:48.641448","level":"info","event":"\u001b[0m17:39:48  Registered adapter: snowflake=1.8.0","logger":"airflow.task.hooks.airflow.providers.standard.hooks.subprocess.SubprocessHook"}
{"timestamp":"2026-06-04T17:39:50.060932","level":"info","event":"\u001b[0m17:39:50  Found 13 models, 38 data tests, 4 sources, 575 macros","logger":"airflow.task.hooks.airflow.providers.standard.hooks.subprocess.SubprocessHook"}
{"timestamp":"2026-06-04T17:39:50.064724","level":"info","event":"\u001b[0m17:39:50","logger":"airflow.task.hooks.airflow.providers.standard.hooks.subprocess.SubprocessHook"}
{"timestamp":"2026-06-04T17:39:53.494783","level":"info","event":"\u001b[0m17:39:53  Concurrency: 4 threads (target='dev')","logger":"airflow.task.hooks.airflow.providers.standard.hooks.subprocess.SubprocessHook"}
{"timestamp":"2026-06-04T17:39:53.495881","level":"info","event":"\u001b[0m17:39:53","logger":"airflow.task.hooks.airflow.providers.standard.hooks.subprocess.SubprocessHook"}
{"timestamp":"2026-06-04T17:39:53.501746","level":"info","event":"\u001b[0m17:39:53  1 of 4 START sql incremental model silver.item_silver .......................... [RUN]","logger":"airflow.task.hooks.airflow.providers.standard.hooks.subprocess.SubprocessHook"}
{"timestamp":"2026-06-04T17:39:53.502842","level":"info","event":"\u001b[0m17:39:53  2 of 4 START sql incremental model silver.payment_silver ....................... [RUN]","logger":"airflow.task.hooks.airflow.providers.standard.hooks.subprocess.SubprocessHook"}
{"timestamp":"2026-06-04T17:39:53.503929","level":"info","event":"\u001b[0m17:39:53  3 of 4 START sql incremental model silver.return_silver ........................ [RUN]","logger":"airflow.task.hooks.airflow.providers.standard.hooks.subprocess.SubprocessHook"}
{"timestamp":"2026-06-04T17:39:53.505009","level":"info","event":"\u001b[0m17:39:53  4 of 4 START sql incremental model silver.status_silver ........................ [RUN]","logger":"airflow.task.hooks.airflow.providers.standard.hooks.subprocess.SubprocessHook"}
{"timestamp":"2026-06-04T17:39:57.363563","level":"info","event":"\u001b[0m17:39:57  1 of 4 OK created sql incremental model silver.item_silver ..................... [\u001b[32mSUCCESS 93\u001b[0m in 3.85s]","logger":"airflow.task.hooks.airflow.providers.standard.hooks.subprocess.SubprocessHook"}
{"timestamp":"2026-06-04T17:39:57.383865","level":"info","event":"\u001b[0m17:39:57  3 of 4 OK created sql incremental model silver.return_silver ................... [\u001b[32mSUCCESS 9\u001b[0m in 3.87s]","logger":"airflow.task.hooks.airflow.providers.standard.hooks.subprocess.SubprocessHook"}
{"timestamp":"2026-06-04T17:39:57.384722","level":"info","event":"\u001b[0m17:39:57  4 of 4 OK created sql incremental model silver.status_silver ................... [\u001b[32mSUCCESS 163\u001b[0m in 3.87s]","logger":"airflow.task.hooks.airflow.providers.standard.hooks.subprocess.SubprocessHook"}
{"timestamp":"2026-06-04T17:39:57.483976","level":"info","event":"\u001b[0m17:39:57  2 of 4 OK created sql incremental model silver.payment_silver .................. [\u001b[32mSUCCESS 46\u001b[0m in 3.98s]","logger":"airflow.task.hooks.airflow.providers.standard.hooks.subprocess.SubprocessHook"}
{"timestamp":"2026-06-04T17:39:57.491610","level":"info","event":"\u001b[0m17:39:57","logger":"airflow.task.hooks.airflow.providers.standard.hooks.subprocess.SubprocessHook"}
{"timestamp":"2026-06-04T17:39:57.492208","level":"info","event":"\u001b[0m17:39:57  Finished running 4 incremental models in 0 hours 0 minutes and 7.43 seconds (7.43s).","logger":"airflow.task.hooks.airflow.providers.standard.hooks.subprocess.SubprocessHook"}
{"timestamp":"2026-06-04T17:39:57.551068","level":"info","event":"\u001b[0m17:39:57","logger":"airflow.task.hooks.airflow.providers.standard.hooks.subprocess.SubprocessHook"}
{"timestamp":"2026-06-04T17:39:57.551919","level":"info","event":"\u001b[0m17:39:57  \u001b[32mCompleted successfully\u001b[0m","logger":"airflow.task.hooks.airflow.providers.standard.hooks.subprocess.SubprocessHook"}
{"timestamp":"2026-06-04T17:39:57.552898","level":"info","event":"\u001b[0m17:39:57","logger":"airflow.task.hooks.airflow.providers.standard.hooks.subprocess.SubprocessHook"}
{"timestamp":"2026-06-04T17:39:57.553968","level":"info","event":"\u001b[0m17:39:57  Done. PASS=4 WARN=0 ERROR=0 SKIP=0 TOTAL=4","logger":"airflow.task.hooks.airflow.providers.standard.hooks.subprocess.SubprocessHook"}
{"timestamp":"2026-06-04T17:39:59.736970","level":"info","event":"Command exited with return code 0","logger":"airflow.task.hooks.airflow.providers.standard.hooks.subprocess.SubprocessHook"}
{"timestamp":"2026-06-04T17:39:59.737903","level":"info","event":"Pushing xcom","ti":"RuntimeTaskInstance(id=UUID('019e93b7-d29a-7acc-b327-91b4c785e5a0'), task_id='silver_layer', dag_id='ecommerce', run_id='manual__2026-06-04T17:39:18.270256+00:00', try_number=1, map_index=-1, hostname='b4d3b81260d5', context_carrier=None, task=<Task(BashOperator): silver_layer>, bundle_instance=LocalDagBundle(name=dags-folder), max_tries=0, start_date=datetime.datetime(2026, 6, 4, 17, 39, 46, 227235, tzinfo=TzInfo(UTC)), end_date=None, state=<TaskInstanceState.RUNNING: 'running'>, is_mapped=False, rendered_map_index=None)","logger":"task"}
