{"timestamp":"2026-06-03T22:50:41.400898","level":"info","event":"DAG bundles loaded: dags-folder","logger":"airflow.dag_processing.bundles.manager.DagBundlesManager"}
{"timestamp":"2026-06-03T22:50:41.401469","level":"info","event":"Filling up the DagBag from /opt/airflow/dags/s3_to_snowflake.py","logger":"airflow.models.dagbag.DagBag"}
{"timestamp":"2026-06-03T22:50:42.157068","level":"info","event":"Tmp dir root location: /tmp","logger":"airflow.task.hooks.airflow.providers.standard.hooks.subprocess.SubprocessHook"}
{"timestamp":"2026-06-03T22:50:42.158484","level":"info","event":"Running command: ['/usr/bin/bash', '-c', 'docker exec dbt_core dbt run --select gold']","logger":"airflow.task.hooks.airflow.providers.standard.hooks.subprocess.SubprocessHook"}
{"timestamp":"2026-06-03T22:50:42.178687","level":"info","event":"Output:","logger":"airflow.task.hooks.airflow.providers.standard.hooks.subprocess.SubprocessHook"}
{"timestamp":"2026-06-03T22:50:43.494751","level":"info","event":"\u001b[0m22:50:43  Running with dbt=1.8.0","logger":"airflow.task.hooks.airflow.providers.standard.hooks.subprocess.SubprocessHook"}
{"timestamp":"2026-06-03T22:50:43.946494","level":"info","event":"\u001b[0m22:50:43  Registered adapter: snowflake=1.8.0","logger":"airflow.task.hooks.airflow.providers.standard.hooks.subprocess.SubprocessHook"}
{"timestamp":"2026-06-03T22:50:45.359242","level":"info","event":"\u001b[0m22:50:45  Found 13 models, 38 data tests, 4 sources, 575 macros","logger":"airflow.task.hooks.airflow.providers.standard.hooks.subprocess.SubprocessHook"}
{"timestamp":"2026-06-03T22:50:45.362783","level":"info","event":"\u001b[0m22:50:45","logger":"airflow.task.hooks.airflow.providers.standard.hooks.subprocess.SubprocessHook"}
{"timestamp":"2026-06-03T22:50:48.982479","level":"info","event":"\u001b[0m22:50:48  Concurrency: 4 threads (target='dev')","logger":"airflow.task.hooks.airflow.providers.standard.hooks.subprocess.SubprocessHook"}
{"timestamp":"2026-06-03T22:50:48.983236","level":"info","event":"\u001b[0m22:50:48","logger":"airflow.task.hooks.airflow.providers.standard.hooks.subprocess.SubprocessHook"}
{"timestamp":"2026-06-03T22:50:48.988292","level":"info","event":"\u001b[0m22:50:48  1 of 5 START sql table model gold.obt .......................................... [RUN]","logger":"airflow.task.hooks.airflow.providers.standard.hooks.subprocess.SubprocessHook"}
{"timestamp":"2026-06-03T22:50:51.157954","level":"info","event":"\u001b[0m22:50:51  1 of 5 OK created sql table model gold.obt ..................................... [\u001b[32mSUCCESS 1\u001b[0m in 2.17s]","logger":"airflow.task.hooks.airflow.providers.standard.hooks.subprocess.SubprocessHook"}
{"timestamp":"2026-06-03T22:50:51.162359","level":"info","event":"\u001b[0m22:50:51  2 of 5 START sql table model gold.gold_cancel_rate ............................. [RUN]","logger":"airflow.task.hooks.airflow.providers.standard.hooks.subprocess.SubprocessHook"}
{"timestamp":"2026-06-03T22:50:51.163240","level":"info","event":"\u001b[0m22:50:51  3 of 5 START sql table model gold.gold_payment_analysis ........................ [RUN]","logger":"airflow.task.hooks.airflow.providers.standard.hooks.subprocess.SubprocessHook"}
{"timestamp":"2026-06-03T22:50:51.164356","level":"info","event":"\u001b[0m22:50:51  4 of 5 START sql table model gold.gold_return_analysis ......................... [RUN]","logger":"airflow.task.hooks.airflow.providers.standard.hooks.subprocess.SubprocessHook"}
{"timestamp":"2026-06-03T22:50:51.165433","level":"info","event":"\u001b[0m22:50:51  5 of 5 START sql table model gold.gold_revenue ................................. [RUN]","logger":"airflow.task.hooks.airflow.providers.standard.hooks.subprocess.SubprocessHook"}
{"timestamp":"2026-06-03T22:50:53.338512","level":"info","event":"\u001b[0m22:50:53  3 of 5 OK created sql table model gold.gold_payment_analysis ................... [\u001b[32mSUCCESS 1\u001b[0m in 2.17s]","logger":"airflow.task.hooks.airflow.providers.standard.hooks.subprocess.SubprocessHook"}
{"timestamp":"2026-06-03T22:50:53.339487","level":"info","event":"\u001b[0m22:50:53  2 of 5 OK created sql table model gold.gold_cancel_rate ........................ [\u001b[32mSUCCESS 1\u001b[0m in 2.17s]","logger":"airflow.task.hooks.airflow.providers.standard.hooks.subprocess.SubprocessHook"}
{"timestamp":"2026-06-03T22:50:53.340587","level":"info","event":"\u001b[0m22:50:53  5 of 5 OK created sql table model gold.gold_revenue ............................ [\u001b[32mSUCCESS 1\u001b[0m in 2.17s]","logger":"airflow.task.hooks.airflow.providers.standard.hooks.subprocess.SubprocessHook"}
{"timestamp":"2026-06-03T22:50:53.341720","level":"info","event":"\u001b[0m22:50:53  4 of 5 OK created sql table model gold.gold_return_analysis .................... [\u001b[32mSUCCESS 1\u001b[0m in 2.17s]","logger":"airflow.task.hooks.airflow.providers.standard.hooks.subprocess.SubprocessHook"}
{"timestamp":"2026-06-03T22:50:53.355988","level":"info","event":"\u001b[0m22:50:53","logger":"airflow.task.hooks.airflow.providers.standard.hooks.subprocess.SubprocessHook"}
{"timestamp":"2026-06-03T22:50:53.356379","level":"info","event":"\u001b[0m22:50:53  Finished running 5 table models in 0 hours 0 minutes and 7.99 seconds (7.99s).","logger":"airflow.task.hooks.airflow.providers.standard.hooks.subprocess.SubprocessHook"}
{"timestamp":"2026-06-03T22:50:53.410799","level":"info","event":"\u001b[0m22:50:53","logger":"airflow.task.hooks.airflow.providers.standard.hooks.subprocess.SubprocessHook"}
{"timestamp":"2026-06-03T22:50:53.411372","level":"info","event":"\u001b[0m22:50:53  \u001b[32mCompleted successfully\u001b[0m","logger":"airflow.task.hooks.airflow.providers.standard.hooks.subprocess.SubprocessHook"}
{"timestamp":"2026-06-03T22:50:53.412291","level":"info","event":"\u001b[0m22:50:53","logger":"airflow.task.hooks.airflow.providers.standard.hooks.subprocess.SubprocessHook"}
{"timestamp":"2026-06-03T22:50:53.413162","level":"info","event":"\u001b[0m22:50:53  Done. PASS=5 WARN=0 ERROR=0 SKIP=0 TOTAL=5","logger":"airflow.task.hooks.airflow.providers.standard.hooks.subprocess.SubprocessHook"}
{"timestamp":"2026-06-03T22:50:55.945308","level":"info","event":"Command exited with return code 0","logger":"airflow.task.hooks.airflow.providers.standard.hooks.subprocess.SubprocessHook"}
{"timestamp":"2026-06-03T22:50:55.946193","level":"info","event":"Pushing xcom","ti":"RuntimeTaskInstance(id=UUID('019e8fad-d390-7578-a294-bdbe0ad7445f'), task_id='gold_layer', dag_id='ecommerce', run_id='manual__2026-06-03T22:49:54.289187+00:00', try_number=1, map_index=-1, hostname='b4d3b81260d5', context_carrier=None, task=<Task(BashOperator): gold_layer>, bundle_instance=LocalDagBundle(name=dags-folder), max_tries=0, start_date=datetime.datetime(2026, 6, 3, 22, 50, 41, 353200, tzinfo=TzInfo(UTC)), end_date=None, state=<TaskInstanceState.RUNNING: 'running'>, is_mapped=False, rendered_map_index=None)","logger":"task"}
