{"timestamp":"2026-06-04T17:38:20.771280","level":"info","event":"DAG bundles loaded: dags-folder","logger":"airflow.dag_processing.bundles.manager.DagBundlesManager"}
{"timestamp":"2026-06-04T17:38:20.772863","level":"info","event":"Filling up the DagBag from /opt/airflow/dags/s3_to_snowflake.py","logger":"airflow.models.dagbag.DagBag"}
{"timestamp":"2026-06-04T17:38:22.068207","level":"info","event":"Tmp dir root location: /tmp","logger":"airflow.task.hooks.airflow.providers.standard.hooks.subprocess.SubprocessHook"}
{"timestamp":"2026-06-04T17:38:22.070319","level":"info","event":"Running command: ['/usr/bin/bash', '-c', 'docker exec dbt_core dbt run --select gold']","logger":"airflow.task.hooks.airflow.providers.standard.hooks.subprocess.SubprocessHook"}
{"timestamp":"2026-06-04T17:38:22.086017","level":"info","event":"Output:","logger":"airflow.task.hooks.airflow.providers.standard.hooks.subprocess.SubprocessHook"}
{"timestamp":"2026-06-04T17:38:24.191099","level":"info","event":"\u001b[0m17:38:24  Running with dbt=1.8.0","logger":"airflow.task.hooks.airflow.providers.standard.hooks.subprocess.SubprocessHook"}
{"timestamp":"2026-06-04T17:38:24.877095","level":"info","event":"\u001b[0m17:38:24  Registered adapter: snowflake=1.8.0","logger":"airflow.task.hooks.airflow.providers.standard.hooks.subprocess.SubprocessHook"}
{"timestamp":"2026-06-04T17:38:26.355933","level":"info","event":"\u001b[0m17:38:26  Found 13 models, 38 data tests, 4 sources, 575 macros","logger":"airflow.task.hooks.airflow.providers.standard.hooks.subprocess.SubprocessHook"}
{"timestamp":"2026-06-04T17:38:26.358755","level":"info","event":"\u001b[0m17:38:26","logger":"airflow.task.hooks.airflow.providers.standard.hooks.subprocess.SubprocessHook"}
{"timestamp":"2026-06-04T17:38:30.705818","level":"info","event":"\u001b[0m17:38:30  Concurrency: 4 threads (target='dev')","logger":"airflow.task.hooks.airflow.providers.standard.hooks.subprocess.SubprocessHook"}
{"timestamp":"2026-06-04T17:38:30.706587","level":"info","event":"\u001b[0m17:38:30","logger":"airflow.task.hooks.airflow.providers.standard.hooks.subprocess.SubprocessHook"}
{"timestamp":"2026-06-04T17:38:30.712347","level":"info","event":"\u001b[0m17:38:30  1 of 5 START sql table model gold.obt .......................................... [RUN]","logger":"airflow.task.hooks.airflow.providers.standard.hooks.subprocess.SubprocessHook"}
{"timestamp":"2026-06-04T17:38:33.471191","level":"info","event":"\u001b[0m17:38:33  1 of 5 OK created sql table model gold.obt ..................................... [\u001b[32mSUCCESS 1\u001b[0m in 2.76s]","logger":"airflow.task.hooks.airflow.providers.standard.hooks.subprocess.SubprocessHook"}
{"timestamp":"2026-06-04T17:38:33.475984","level":"info","event":"\u001b[0m17:38:33  2 of 5 START sql table model gold.gold_cancel_rate ............................. [RUN]","logger":"airflow.task.hooks.airflow.providers.standard.hooks.subprocess.SubprocessHook"}
{"timestamp":"2026-06-04T17:38:33.477263","level":"info","event":"\u001b[0m17:38:33  3 of 5 START sql table model gold.gold_payment_analysis ........................ [RUN]","logger":"airflow.task.hooks.airflow.providers.standard.hooks.subprocess.SubprocessHook"}
{"timestamp":"2026-06-04T17:38:33.478200","level":"info","event":"\u001b[0m17:38:33  4 of 5 START sql table model gold.gold_return_analysis ......................... [RUN]","logger":"airflow.task.hooks.airflow.providers.standard.hooks.subprocess.SubprocessHook"}
{"timestamp":"2026-06-04T17:38:33.479496","level":"info","event":"\u001b[0m17:38:33  5 of 5 START sql table model gold.gold_revenue ................................. [RUN]","logger":"airflow.task.hooks.airflow.providers.standard.hooks.subprocess.SubprocessHook"}
{"timestamp":"2026-06-04T17:38:35.190127","level":"info","event":"\u001b[0m17:38:35  5 of 5 OK created sql table model gold.gold_revenue ............................ [\u001b[32mSUCCESS 1\u001b[0m in 1.70s]","logger":"airflow.task.hooks.airflow.providers.standard.hooks.subprocess.SubprocessHook"}
{"timestamp":"2026-06-04T17:38:35.259953","level":"info","event":"\u001b[0m17:38:35  4 of 5 OK created sql table model gold.gold_return_analysis .................... [\u001b[32mSUCCESS 1\u001b[0m in 1.78s]","logger":"airflow.task.hooks.airflow.providers.standard.hooks.subprocess.SubprocessHook"}
{"timestamp":"2026-06-04T17:38:35.280302","level":"info","event":"\u001b[0m17:38:35  3 of 5 OK created sql table model gold.gold_payment_analysis ................... [\u001b[32mSUCCESS 1\u001b[0m in 1.80s]","logger":"airflow.task.hooks.airflow.providers.standard.hooks.subprocess.SubprocessHook"}
{"timestamp":"2026-06-04T17:38:35.286186","level":"info","event":"\u001b[0m17:38:35  2 of 5 OK created sql table model gold.gold_cancel_rate ........................ [\u001b[32mSUCCESS 1\u001b[0m in 1.80s]","logger":"airflow.task.hooks.airflow.providers.standard.hooks.subprocess.SubprocessHook"}
{"timestamp":"2026-06-04T17:38:35.294180","level":"info","event":"\u001b[0m17:38:35","logger":"airflow.task.hooks.airflow.providers.standard.hooks.subprocess.SubprocessHook"}
{"timestamp":"2026-06-04T17:38:35.294921","level":"info","event":"\u001b[0m17:38:35  Finished running 5 table models in 0 hours 0 minutes and 8.93 seconds (8.93s).","logger":"airflow.task.hooks.airflow.providers.standard.hooks.subprocess.SubprocessHook"}
{"timestamp":"2026-06-04T17:38:35.352101","level":"info","event":"\u001b[0m17:38:35","logger":"airflow.task.hooks.airflow.providers.standard.hooks.subprocess.SubprocessHook"}
{"timestamp":"2026-06-04T17:38:35.352832","level":"info","event":"\u001b[0m17:38:35  \u001b[32mCompleted successfully\u001b[0m","logger":"airflow.task.hooks.airflow.providers.standard.hooks.subprocess.SubprocessHook"}
{"timestamp":"2026-06-04T17:38:35.353788","level":"info","event":"\u001b[0m17:38:35","logger":"airflow.task.hooks.airflow.providers.standard.hooks.subprocess.SubprocessHook"}
{"timestamp":"2026-06-04T17:38:35.354892","level":"info","event":"\u001b[0m17:38:35  Done. PASS=5 WARN=0 ERROR=0 SKIP=0 TOTAL=5","logger":"airflow.task.hooks.airflow.providers.standard.hooks.subprocess.SubprocessHook"}
{"timestamp":"2026-06-04T17:38:37.932576","level":"info","event":"Command exited with return code 0","logger":"airflow.task.hooks.airflow.providers.standard.hooks.subprocess.SubprocessHook"}
{"timestamp":"2026-06-04T17:38:37.933485","level":"info","event":"Pushing xcom","ti":"RuntimeTaskInstance(id=UUID('019e93b6-ebb5-7dd0-b980-5ed54135efb6'), task_id='gold_layer', dag_id='ecommerce', run_id='manual__2026-06-03T22:49:54.289187+00:00', try_number=2, map_index=-1, hostname='b4d3b81260d5', context_carrier=None, task=<Task(BashOperator): gold_layer>, bundle_instance=LocalDagBundle(name=dags-folder), max_tries=1, start_date=datetime.datetime(2026, 6, 4, 17, 38, 20, 402428, tzinfo=TzInfo(UTC)), end_date=None, state=<TaskInstanceState.RUNNING: 'running'>, is_mapped=False, rendered_map_index=None)","logger":"task"}
