{"timestamp":"2026-06-04T17:39:31.314348","level":"info","event":"DAG bundles loaded: dags-folder","logger":"airflow.dag_processing.bundles.manager.DagBundlesManager"}
{"timestamp":"2026-06-04T17:39:31.314902","level":"info","event":"Filling up the DagBag from /opt/airflow/dags/s3_to_snowflake.py","logger":"airflow.models.dagbag.DagBag"}
{"timestamp":"2026-06-04T17:39:31.999120","level":"info","event":"Tmp dir root location: /tmp","logger":"airflow.task.hooks.airflow.providers.standard.hooks.subprocess.SubprocessHook"}
{"timestamp":"2026-06-04T17:39:32.000279","level":"info","event":"Running command: ['/usr/bin/bash', '-c', 'docker exec dbt_core dbt run --select bronze']","logger":"airflow.task.hooks.airflow.providers.standard.hooks.subprocess.SubprocessHook"}
{"timestamp":"2026-06-04T17:39:32.017779","level":"info","event":"Output:","logger":"airflow.task.hooks.airflow.providers.standard.hooks.subprocess.SubprocessHook"}
{"timestamp":"2026-06-04T17:39:33.220351","level":"info","event":"\u001b[0m17:39:33  Running with dbt=1.8.0","logger":"airflow.task.hooks.airflow.providers.standard.hooks.subprocess.SubprocessHook"}
{"timestamp":"2026-06-04T17:39:33.659114","level":"info","event":"\u001b[0m17:39:33  Registered adapter: snowflake=1.8.0","logger":"airflow.task.hooks.airflow.providers.standard.hooks.subprocess.SubprocessHook"}
{"timestamp":"2026-06-04T17:39:34.944547","level":"info","event":"\u001b[0m17:39:34  Found 13 models, 38 data tests, 4 sources, 575 macros","logger":"airflow.task.hooks.airflow.providers.standard.hooks.subprocess.SubprocessHook"}
{"timestamp":"2026-06-04T17:39:34.948170","level":"info","event":"\u001b[0m17:39:34","logger":"airflow.task.hooks.airflow.providers.standard.hooks.subprocess.SubprocessHook"}
{"timestamp":"2026-06-04T17:39:38.007348","level":"info","event":"\u001b[0m17:39:38  Concurrency: 4 threads (target='dev')","logger":"airflow.task.hooks.airflow.providers.standard.hooks.subprocess.SubprocessHook"}
{"timestamp":"2026-06-04T17:39:38.008282","level":"info","event":"\u001b[0m17:39:38","logger":"airflow.task.hooks.airflow.providers.standard.hooks.subprocess.SubprocessHook"}
{"timestamp":"2026-06-04T17:39:38.014179","level":"info","event":"\u001b[0m17:39:38  1 of 4 START sql incremental model bronze.items_bronze ......................... [RUN]","logger":"airflow.task.hooks.airflow.providers.standard.hooks.subprocess.SubprocessHook"}
{"timestamp":"2026-06-04T17:39:38.015292","level":"info","event":"\u001b[0m17:39:38  2 of 4 START sql incremental model bronze.payment_bronze ....................... [RUN]","logger":"airflow.task.hooks.airflow.providers.standard.hooks.subprocess.SubprocessHook"}
{"timestamp":"2026-06-04T17:39:38.016444","level":"info","event":"\u001b[0m17:39:38  3 of 4 START sql incremental model bronze.return_bronze ........................ [RUN]","logger":"airflow.task.hooks.airflow.providers.standard.hooks.subprocess.SubprocessHook"}
{"timestamp":"2026-06-04T17:39:38.017637","level":"info","event":"\u001b[0m17:39:38  4 of 4 START sql incremental model bronze.status_bronze ........................ [RUN]","logger":"airflow.task.hooks.airflow.providers.standard.hooks.subprocess.SubprocessHook"}
{"timestamp":"2026-06-04T17:39:43.057572","level":"info","event":"\u001b[0m17:39:43  1 of 4 OK created sql incremental model bronze.items_bronze .................... [\u001b[32mSUCCESS 93\u001b[0m in 5.04s]","logger":"airflow.task.hooks.airflow.providers.standard.hooks.subprocess.SubprocessHook"}
{"timestamp":"2026-06-04T17:39:43.220522","level":"info","event":"\u001b[0m17:39:43  3 of 4 OK created sql incremental model bronze.return_bronze ................... [\u001b[32mSUCCESS 9\u001b[0m in 5.20s]","logger":"airflow.task.hooks.airflow.providers.standard.hooks.subprocess.SubprocessHook"}
{"timestamp":"2026-06-04T17:39:43.542041","level":"info","event":"\u001b[0m17:39:43  2 of 4 OK created sql incremental model bronze.payment_bronze .................. [\u001b[32mSUCCESS 46\u001b[0m in 5.52s]","logger":"airflow.task.hooks.airflow.providers.standard.hooks.subprocess.SubprocessHook"}
{"timestamp":"2026-06-04T17:39:43.543187","level":"info","event":"\u001b[0m17:39:43  4 of 4 OK created sql incremental model bronze.status_bronze ................... [\u001b[32mSUCCESS 163\u001b[0m in 5.52s]","logger":"airflow.task.hooks.airflow.providers.standard.hooks.subprocess.SubprocessHook"}
{"timestamp":"2026-06-04T17:39:43.553160","level":"info","event":"\u001b[0m17:39:43","logger":"airflow.task.hooks.airflow.providers.standard.hooks.subprocess.SubprocessHook"}
{"timestamp":"2026-06-04T17:39:43.553984","level":"info","event":"\u001b[0m17:39:43  Finished running 4 incremental models in 0 hours 0 minutes and 8.60 seconds (8.60s).","logger":"airflow.task.hooks.airflow.providers.standard.hooks.subprocess.SubprocessHook"}
{"timestamp":"2026-06-04T17:39:43.606195","level":"info","event":"\u001b[0m17:39:43","logger":"airflow.task.hooks.airflow.providers.standard.hooks.subprocess.SubprocessHook"}
{"timestamp":"2026-06-04T17:39:43.606944","level":"info","event":"\u001b[0m17:39:43  \u001b[32mCompleted successfully\u001b[0m","logger":"airflow.task.hooks.airflow.providers.standard.hooks.subprocess.SubprocessHook"}
{"timestamp":"2026-06-04T17:39:43.608005","level":"info","event":"\u001b[0m17:39:43","logger":"airflow.task.hooks.airflow.providers.standard.hooks.subprocess.SubprocessHook"}
{"timestamp":"2026-06-04T17:39:43.608949","level":"info","event":"\u001b[0m17:39:43  Done. PASS=4 WARN=0 ERROR=0 SKIP=0 TOTAL=4","logger":"airflow.task.hooks.airflow.providers.standard.hooks.subprocess.SubprocessHook"}
{"timestamp":"2026-06-04T17:39:45.836798","level":"info","event":"Command exited with return code 0","logger":"airflow.task.hooks.airflow.providers.standard.hooks.subprocess.SubprocessHook"}
{"timestamp":"2026-06-04T17:39:45.837688","level":"info","event":"Pushing xcom","ti":"RuntimeTaskInstance(id=UUID('019e93b7-d299-7b37-af38-d32cc6b5f978'), task_id='bronze_layer', dag_id='ecommerce', run_id='manual__2026-06-04T17:39:18.270256+00:00', try_number=1, map_index=-1, hostname='b4d3b81260d5', context_carrier=None, task=<Task(BashOperator): bronze_layer>, bundle_instance=LocalDagBundle(name=dags-folder), max_tries=0, start_date=datetime.datetime(2026, 6, 4, 17, 39, 31, 254693, tzinfo=TzInfo(UTC)), end_date=None, state=<TaskInstanceState.RUNNING: 'running'>, is_mapped=False, rendered_map_index=None)","logger":"task"}
